// Jest Snapshot v1, https://goo.gl/fbAQLP

exports[`QuestionnaireForm should match snapshot 1`] = `
<div
  className="demographic-questionnaire-container"
>
  <div
    className="text-center"
  >
    <h1
      className="mb-3"
    >
      Please fill in the necessary Demographic Information below.
    </h1>
  </div>
  <WithStyles(ForwardRef(Paper))
    className="demographic-questionnaire-form-container"
    elevation={2}
  >
    <div
      className="demographic-questionnaire-form"
    >
      <Form
        buttons={
          Array [
            Object {
              "handler": [MockFunction],
              "title": "Save",
            },
          ]
        }
        controls={Object {}}
        data={Object {}}
        layout={
          Array [
            Object {
              "disabled": true,
              "field": "name",
              "required": true,
              "title": "Username",
              "type": "text",
            },
            Object {
              "disabled": true,
              "field": "firstName",
              "required": true,
              "title": "First Name",
              "type": "text",
            },
            Object {
              "disabled": true,
              "field": "lastName",
              "required": true,
              "title": "Last Name",
              "type": "text",
            },
          ]
        }
        sections={
          Array [
            Object {
              "data": Object {},
              "layout": Array [],
            },
          ]
        }
      />
    </div>
  </WithStyles(ForwardRef(Paper))>
</div>
`;
