// Jest Snapshot v1, https://goo.gl/fbAQLP

exports[`should match snapshot 1`] = `
<div
  className="layout-container"
>
  <div
    className="spinner"
  >
    <WithStyles(ForwardRef(CircularProgress)) />
  </div>
  <div
    className="layout  layout-loading"
  >
    <div>
      Test Child
    </div>
  </div>
</div>
`;
