// Jest Snapshot v1, https://goo.gl/fbAQLP

exports[`administrator should match snapshot 1`] = `
<Fragment>
  <CustomDrawer
    depth={0}
    depthStep={10}
    items={Array []}
    onItemClick={[Function]}
  />
  <Switch>
    <Route
      component={[Function]}
      exact={true}
      key="/admin/*"
      path="/admin/*"
    />
  </Switch>
</Fragment>
`;
