// Jest Snapshot v1, https://goo.gl/fbAQLP

exports[`TestProgress should match snapshot 1`] = `
<Router
  history={
    Object {
      "action": "POP",
      "block": [Function],
      "createHref": [Function],
      "go": [Function],
      "goBack": [Function],
      "goForward": [Function],
      "length": 1,
      "listen": [Function],
      "location": Object {
        "hash": "",
        "pathname": "/",
        "search": "",
        "state": undefined,
      },
      "push": [Function],
      "replace": [Function],
    }
  }
>
  <Provider
    store={
      Object {
        "clearActions": [Function],
        "dispatch": [Function],
        "getActions": [Function],
        "getState": [Function],
        "replaceReducer": [Function],
        "subscribe": [Function],
      }
    }
  >
    <TestProgress
      current={0}
      tick={30}
      timer={120}
      total={100}
      totalTick={130}
    >
      <div
        className="test-progress"
      >
        <div
          className="test-progress-header"
        >
          <h5>
            0 out of 100
          </h5>
          <h5>
            Time Remaining: 00:00
          </h5>
        </div>
        <WithStyles(ForwardRef(LinearProgress))
          className="test-progress-bar"
          color="primary"
          value={NaN}
          variant="determinate"
        >
          <ForwardRef(LinearProgress)
            className="test-progress-bar"
            classes={
              Object {
                "bar": "MuiLinearProgress-bar",
                "bar1Buffer": "MuiLinearProgress-bar1Buffer",
                "bar1Determinate": "MuiLinearProgress-bar1Determinate",
                "bar1Indeterminate": "MuiLinearProgress-bar1Indeterminate",
                "bar2Buffer": "MuiLinearProgress-bar2Buffer",
                "bar2Indeterminate": "MuiLinearProgress-bar2Indeterminate",
                "barColorPrimary": "MuiLinearProgress-barColorPrimary",
                "barColorSecondary": "MuiLinearProgress-barColorSecondary",
                "buffer": "MuiLinearProgress-buffer",
                "colorPrimary": "MuiLinearProgress-colorPrimary",
                "colorSecondary": "MuiLinearProgress-colorSecondary",
                "dashed": "MuiLinearProgress-dashed",
                "dashedColorPrimary": "MuiLinearProgress-dashedColorPrimary",
                "dashedColorSecondary": "MuiLinearProgress-dashedColorSecondary",
                "determinate": "MuiLinearProgress-determinate",
                "indeterminate": "MuiLinearProgress-indeterminate",
                "query": "MuiLinearProgress-query",
                "root": "MuiLinearProgress-root",
              }
            }
            color="primary"
            value={NaN}
            variant="determinate"
          >
            <div
              aria-valuemax={100}
              aria-valuemin={0}
              aria-valuenow={NaN}
              className="MuiLinearProgress-root MuiLinearProgress-colorPrimary test-progress-bar MuiLinearProgress-determinate"
              role="progressbar"
            >
              <div
                className="MuiLinearProgress-bar MuiLinearProgress-barColorPrimary MuiLinearProgress-bar1Determinate"
                style={
                  Object {
                    "transform": "translateX(NaN%)",
                  }
                }
              />
            </div>
          </ForwardRef(LinearProgress)>
        </WithStyles(ForwardRef(LinearProgress))>
      </div>
    </TestProgress>
  </Provider>
</Router>
`;
